// Vitest Snapshot v1, https://vitest.dev/guide/snapshot.html

exports[`DailyDeal > generates the same deals as last build > 2023-01-01 1`] = `
[
  {
    "amount1": 2,
    "amount2": 2,
    "item1": "Max Revive",
    "item2": "Iron Ball",
  },
  {
    "amount1": 3,
    "amount2": 3,
    "item1": "Insect Plate",
    "item2": "Pink Shard",
  },
  {
    "amount1": 3,
    "amount2": 1,
    "item1": "Heat Rock",
    "item2": "Star Piece",
  },
  {
    "amount1": 3,
    "amount2": 2,
    "item1": "Revive",
    "item2": "Peat Block",
  },
  {
    "amount1": 1,
    "amount2": 3,
    "item1": "Icy Rock",
    "item2": "Plume Fossil",
  },
  {
    "amount1": 2,
    "amount2": 1,
    "item1": "Fossilized Dino",
    "item2": "Fossilized Fish",
  },
  {
    "amount1": 2,
    "amount2": 3,
    "item1": "Fist Plate",
    "item2": "Beige Shard",
  },
  {
    "amount1": 3,
    "amount2": 1,
    "item1": "Fist Plate",
    "item2": "Heart Scale",
  },
  {
    "amount1": 3,
    "amount2": 1,
    "item1": "Fossilized Dino",
    "item2": "Ice Stone",
  },
  {
    "amount1": 1,
    "amount2": 3,
    "item1": "Fist Plate",
    "item2": "Flame Plate",
  },
]
`;

exports[`DailyDeal > generates the same deals as last build > 2023-05-01 1`] = `
[
  {
    "amount1": 1,
    "amount2": 1,
    "item1": "Fossilized Bird",
    "item2": "Moon Stone",
  },
  {
    "amount1": 1,
    "amount2": 2,
    "item1": "Odd Keystone",
    "item2": "Shiny Stone",
  },
  {
    "amount1": 3,
    "amount2": 1,
    "item1": "Icy Rock",
    "item2": "Thunder Stone",
  },
  {
    "amount1": 3,
    "amount2": 1,
    "item1": "Icicle Plate",
    "item2": "Slate Shard",
  },
  {
    "amount1": 3,
    "amount2": 1,
    "item1": "Spooky Plate",
    "item2": "Sky Plate",
  },
  {
    "amount1": 2,
    "amount2": 1,
    "item1": "Fossilized Dino",
    "item2": "Purple Shard",
  },
  {
    "amount1": 2,
    "amount2": 1,
    "item1": "Draco Plate",
    "item2": "Revive",
  },
  {
    "amount1": 2,
    "amount2": 1,
    "item1": "Icicle Plate",
    "item2": "Smooth Rock",
  },
  {
    "amount1": 1,
    "amount2": 3,
    "item1": "Armor Fossil",
    "item2": "Ochre Shard",
  },
  {
    "amount1": 2,
    "amount2": 3,
    "item1": "Heat Rock",
    "item2": "Cyan Shard",
  },
]
`;

exports[`DailyDeal > generates the same deals as last build > 2023-09-01 1`] = `
[
  {
    "amount1": 2,
    "amount2": 2,
    "item1": "Light Clay",
    "item2": "Leaf Stone",
  },
  {
    "amount1": 1,
    "amount2": 3,
    "item1": "Draco Plate",
    "item2": "Sky Plate",
  },
  {
    "amount1": 2,
    "amount2": 3,
    "item1": "Light Clay",
    "item2": "Rare Bone",
  },
  {
    "amount1": 2,
    "amount2": 1,
    "item1": "Sail Fossil",
    "item2": "Thunder Stone",
  },
  {
    "amount1": 1,
    "amount2": 1,
    "item1": "Fossilized Bird",
    "item2": "Heart Scale",
  },
  {
    "amount1": 2,
    "amount2": 1,
    "item1": "Draco Plate",
    "item2": "Spooky Plate",
  },
  {
    "amount1": 1,
    "amount2": 1,
    "item1": "Iron Plate",
    "item2": "Ice Stone",
  },
  {
    "amount1": 3,
    "amount2": 1,
    "item1": "Old Amber",
    "item2": "Earth Plate",
  },
  {
    "amount1": 3,
    "amount2": 1,
    "item1": "Helix Fossil",
    "item2": "Icy Rock",
  },
  {
    "amount1": 3,
    "amount2": 3,
    "item1": "Fossilized Bird",
    "item2": "Black Shard",
  },
]
`;
